services/dataStore.ts(98,126): error TS2339: Property 'DININGROOM' does not exist on type 'typeof RoomType'.
services/dataStore.ts(99,136): error TS2339: Property 'DININGROOM' does not exist on type 'typeof RoomType'.
services/dataStore.ts(100,125): error TS2339: Property 'DININGROOM' does not exist on type 'typeof RoomType'.
services/dataStore.ts(101,130): error TS2339: Property 'DININGROOM' does not exist on type 'typeof RoomType'.
services/dataStore.ts(102,124): error TS2339: Property 'DININGROOM' does not exist on type 'typeof RoomType'.
services/dataStore.ts(103,125): error TS2339: Property 'DININGROOM' does not exist on type 'typeof RoomType'.
services/dataStore.ts(104,132): error TS2339: Property 'DININGROOM' does not exist on type 'typeof RoomType'.
services/dataStore.ts(105,135): error TS2339: Property 'DININGROOM' does not exist on type 'typeof RoomType'.
services/dataStore.ts(106,136): error TS2339: Property 'DININGROOM' does not exist on type 'typeof RoomType'.
services/dataStore.ts(107,129): error TS2339: Property 'DININGROOM' does not exist on type 'typeof RoomType'.
